  7[0m|[34m51975 [36m(28.12%) [31m^^^^^^^^^^^^^^^^^^^^^^^^^^^^^^^^^^^^^^^^^^^^^^^^^^^^^^^^^^^^^^^^^^^^^^^^^^^^^^^^^^^^^^^^^^^^^^^^^^^^^^^^^[32m
  9[0m|[34m46200 [36m(25.00%) [31m^^^^^^^^^^^^^^^^^^^^^^^^^^^^^^^^^^^^^^^^^^^^^^^^^^^^^^^^^^^^^^^^^^^^^^^^^^^^^^^^^^^^^^^^^^^^^[32m
  1[0m|[34m17327 [36m(9.38%)  [31m^^^^^^^^^^^^^^^^^^^^^^^^^^^^^^^^^^^[32m
  3[0m|[34m14437 [36m(7.81%)  [31m^^^^^^^^^^^^^^^^^^^^^^^^^^^^^[32m
 13[0m|[34m11550 [36m(6.25%)  [31m^^^^^^^^^^^^^^^^^^^^^^^^[32m
 41[0m|[34m5775 [36m(3.12%)   [31m^^^^^^^^^^^^[32m
  5[0m|[34m5774 [36m(3.12%)   [31m^^^^^^^^^^^^[32m
 15[0m|[34m5774 [36m(3.12%)   [31m^^^^^^^^^^^^[32m
 11[0m|[34m3249 [36m(1.76%)   [31m^^^^^^^[32m
 19[0m|[34m2888 [36m(1.56%)   [31m^^^^^^[32m
 97[0m|[34m2887 [36m(1.56%)   [31m^^^^^^[32m
 43[0m|[34m2887 [36m(1.56%)   [31m^^^^^^[32m
 99[0m|[34m1444 [36m(0.78%)   [31m^^^[32m
 47[0m|[34m1444 [36m(0.78%)   [31m^^^[32m
 39[0m|[34m1444 [36m(0.78%)   [31m^^^[32m
 27[0m|[34m1444 [36m(0.78%)   [31m^^^[32m
009[0m|[34m1444 [36m(0.78%)   [31m^^^[32m
 95[0m|[34m722 [36m(0.39%)    [31m^^[32m
 55[0m|[34m722 [36m(0.39%)    [31m^^[32m
033[0m|[34m722 [36m(0.39%)    [31m^^[32m
 03[0m|[34m722 [36m(0.39%)    [31m^^[32m
011[0m|[34m720 [36m(0.39%)    [31m^^[32m
035[0m|[34m362 [36m(0.20%)    [31m^[32m
015[0m|[34m362 [36m(0.20%)    [31m^[32m
081[0m|[34m361 [36m(0.20%)    [31m^[32m
007[0m|[34m361 [36m(0.20%)    [31m^[32m
177[0m|[34m184 [36m(0.10%)    [31m^[32m
083[0m|[34m181 [36m(0.10%)    [31m^[32m
023[0m|[34m181 [36m(0.10%)    [31m^[0m
