        info[0m|[34m229 [35m(20.74%) [37m-----------------------------------------------------------------------------------o[32m
          PM[0m|[34m110 [35m(9.96%)  [37m---------------------------------------o[32m
    pcieport[0m|[34m78 [35m(7.07%)   [37m----------------------------o[32m
  Activation[0m|[34m62 [35m(5.62%)   [37m----------------------o[32m
        INFO[0m|[34m44 [35m(3.99%)   [37m---------------o[32m
         pci[0m|[34m21 [35m(1.90%)   [37m-------o[32m
Initializing[0m|[34m21 [35m(1.90%)   [37m-------o[32m
      system[0m|[34m16 [35m(1.45%)   [37m-----o[32m
       fglrx[0m|[34m16 [35m(1.45%)   [37m-----o[32m
        bcma[0m|[34m16 [35m(1.45%)   [37m-----o[32m
     smpboot[0m|[34m14 [35m(1.27%)   [37m-----o[32m
         NMI[0m|[34m14 [35m(1.27%)   [37m-----o[32m
 Calibrating[0m|[34m14 [35m(1.27%)   [37m-----o[32m
         CPU[0m|[34m14 [35m(1.27%)   [37m-----o[32m
     Booting[0m|[34m14 [35m(1.27%)   [37m-----o[32m
          on[0m|[34m13 [35m(1.18%)   [37m----o[32m
         usb[0m|[34m11 [35m(1.00%)   [37m---o[32m
        time[0m|[34m10 [35m(0.91%)   [37m---o[32m
          sd[0m|[34m10 [35m(0.91%)   [37m---o[32m
  nameserver[0m|[34m10 [35m(0.91%)   [37m---o[0m
