         /etc/mateconf[0m|[34m7780758 [35m(44.60%) [37mâ€¢â€¢â€¢â€¢â€¢â€¢â€¢â€¢â€¢â€¢â€¢â€¢â€¢â€¢â€¢â€¢â€¢â€¢â€¢â€¢â€¢â€¢â€¢â€¢â€¢â€¢â€¢â€¢â€¢â€¢â€¢â€¢â€¢â€¢â€¢â€¢â€¢â€¢â€¢â€¢â€¢â€¢â€¢â€¢â€¢â€¢â€¢â€¢â€¢â€¢â€¢â€¢â€¢â€¢â€¢â€¢â€¢â€¢â€¢â€¢â€¢â€¢â€¢â€¢â€¢â€¢â€¢â€¢â€¢â€¢â€¢â€¢â€¢â€¢â€¢â€¢â€¢â€¢â€¢â€¢[32m
           /etc/brltty[0m|[34m3143272 [35m(18.02%) [37mâ€¢â€¢â€¢â€¢â€¢â€¢â€¢â€¢â€¢â€¢â€¢â€¢â€¢â€¢â€¢â€¢â€¢â€¢â€¢â€¢â€¢â€¢â€¢â€¢â€¢â€¢â€¢â€¢â€¢â€¢â€¢â€¢[32m
       /etc/apparmor.d[0m|[34m1597915 [35m(9.16%)  [37mâ€¢â€¢â€¢â€¢â€¢â€¢â€¢â€¢â€¢â€¢â€¢â€¢â€¢â€¢â€¢â€¢â€¢[32m
/etc/bash_completion.d[0m|[34m597836 [35m(3.43%)   [37mâ€¢â€¢â€¢â€¢â€¢â€¢â€¢[32m
             /etc/mono[0m|[34m535352 [35m(3.07%)   [37mâ€¢â€¢â€¢â€¢â€¢â€¢[32m
              /etc/ssl[0m|[34m465414 [35m(2.67%)   [37mâ€¢â€¢â€¢â€¢â€¢[32m
          /etc/ardour2[0m|[34m362303 [35m(2.08%)   [37mâ€¢â€¢â€¢â€¢[32m
              /etc/X11[0m|[34m226309 [35m(1.30%)   [37mâ€¢â€¢â€¢[32m
      /etc/ImageMagick[0m|[34m202358 [35m(1.16%)   [37mâ€¢â€¢â€¢[32m
           /etc/init.d[0m|[34m143281 [35m(0.82%)   [37mâ€¢â€¢[32m
              /etc/ssh[0m|[34m138042 [35m(0.79%)   [37mâ€¢â€¢[32m
            /etc/fonts[0m|[34m119862 [35m(0.69%)   [37mâ€¢â€¢[32m
            /etc/sound[0m|[34m112051 [35m(0.64%)   [37mâ€¢â€¢[32m
              /etc/xdg[0m|[34m111971 [35m(0.64%)   [37mâ€¢â€¢[32m
   /etc/java-7-openjdk[0m|[34m100414 [35m(0.58%)   [37mâ€¢â€¢[32m
          /etc/apache2[0m|[34m95556 [35m(0.55%)    [37mâ€¢[32m
      /etc/ld.so.cache[0m|[34m92934 [35m(0.53%)    [37mâ€¢[32m
           /etc/sane.d[0m|[34m71429 [35m(0.41%)    [37mâ€¢[32m
           /etc/dbus-1[0m|[34m70918 [35m(0.41%)    [37mâ€¢[32m
             /etc/init[0m|[34m58780 [35m(0.34%)    [37mâ€¢[32m
  /etc/bash_completion[0m|[34m58753 [35m(0.34%)    [37mâ€¢[32m
    /etc/console-setup[0m|[34m57645 [35m(0.33%)    [37mâ€¢[32m
/etc/speech-dispatcher[0m|[34m53500 [35m(0.31%)    [37mâ€¢[32m
             /etc/gimp[0m|[34m41894 [35m(0.24%)    [37mâ€¢[32m
              /etc/ppp[0m|[34m41552 [35m(0.24%)    [37mâ€¢[32m
              /etc/apt[0m|[34m40810 [35m(0.23%)    [37mâ€¢[32m
           /etc/grub.d[0m|[34m40058 [35m(0.23%)    [37mâ€¢[32m
              /etc/xml[0m|[34m35802 [35m(0.21%)    [37mâ€¢[32m
            /etc/gnome[0m|[34m33126 [35m(0.19%)    [37mâ€¢[32m
          /etc/default[0m|[34m32218 [35m(0.18%)    [37mâ€¢[32m
   /etc/wpa_supplicant[0m|[34m31611 [35m(0.18%)    [37mâ€¢[32m
       /etc/cron.daily[0m|[34m30047 [35m(0.17%)    [37mâ€¢[32m
             /etc/acpi[0m|[34m27944 [35m(0.16%)    [37mâ€¢[32m
              /etc/vga[0m|[34m25081 [35m(0.14%)    [37mâ€¢[32m
            /etc/pam.d[0m|[34m24963 [35m(0.14%)    [37mâ€¢[0m
