      var[0m|[33m265 [35m(27.69%) [37m(((((((((((((((((((((((((((((((((((()[31m
      log[0m|[33m265 [35m(27.69%) [37m(((((((((((((((((((((((((((((((((((()[31m
  upstart[0m|[33m123 [35m(12.85%) [37m(((((((((((((((()[31m
     cups[0m|[33m11 [35m(1.15%)   [37m()[31m
installer[0m|[33m8 [35m(0.84%)    [37m()[31m
  lightdm[0m|[33m7 [35m(0.73%)    [37m)[31m
  apache2[0m|[33m7 [35m(0.73%)    [37m)[31m
      apt[0m|[33m5 [35m(0.52%)    [37m)[0m
