   S[0m|[34m113 [35m(41.39%) [37mΞΞΞΞΞΞΞΞΞΞΞΞΞΞΞΞΞΞΞΞΞΞΞΞΞΞΞΞΞΞΞΞΞΞΞΞΞΞΞΞΞΞΞΞΞΞΞΞΞΞΞΞΞΞΞΞΞΞΞΞΞΞΞΞΞΞΞΞΞΞΞΞ[32m
  Sl[0m|[34m71 [35m(26.01%)  [37mΞΞΞΞΞΞΞΞΞΞΞΞΞΞΞΞΞΞΞΞΞΞΞΞΞΞΞΞΞΞΞΞΞΞΞΞΞΞΞΞΞΞΞΞΞ[32m
  S<[0m|[34m25 [35m(9.16%)   [37mΞΞΞΞΞΞΞΞΞΞΞΞΞΞΞΞ[32m
 Ss+[0m|[34m21 [35m(7.69%)   [37mΞΞΞΞΞΞΞΞΞΞΞΞΞΞ[32m
  Ss[0m|[34m20 [35m(7.33%)   [37mΞΞΞΞΞΞΞΞΞΞΞΞΞ[32m
  SN[0m|[34m9 [35m(3.30%)    [37mΞΞΞΞΞΞ[32m
 Ssl[0m|[34m6 [35m(2.20%)    [37mΞΞΞΞ[32m
   Z[0m|[34m3 [35m(1.10%)    [37mΞΞ[32m
STAT[0m|[34m1 [35m(0.37%)    [37mΞ[32m
 SNl[0m|[34m1 [35m(0.37%)    [37mΞ[0m
