2012-01-01[0m|[34m3 [35m(10.34%) [37m|||||||||||||||||||||||||||||||||||||||||||||||||||||[32m
2012-01-02[0m|[34m2 [35m(6.90%)  [37m|||||||||||||||||||||||||||||||||||[0m
2012-01-03[0m|[34m3 [35m(10.34%) [37m|||||||||||||||||||||||||||||||||||||||||||||||||||||[32m
2012-01-04[0m|[34m3 [35m(10.34%) [37m|||||||||||||||||||||||||||||||||||||||||||||||||||||[32m
2012-01-05[0m|[34m3 [35m(10.34%) [37m|||||||||||||||||||||||||||||||||||||||||||||||||||||[32m
2012-01-06[0m|[34m3 [35m(10.34%) [37m|||||||||||||||||||||||||||||||||||||||||||||||||||||[32m
2012-01-07[0m|[34m4 [35m(13.79%) [37m||||||||||||||||||||||||||||||||||||||||||||||||||||||||||||||||||||||[32m
2012-01-08[0m|[34m3 [35m(10.34%) [37m|||||||||||||||||||||||||||||||||||||||||||||||||||||[32m
2012-01-09[0m|[34m5 [35m(17.24%) [37m||||||||||||||||||||||||||||||||||||||||||||||||||||||||||||||||||||||||||||||||||||||||[32m
